--- STARTING NODE API INTEGRATION TESTS ---

1. Testing Registration...
Γ£à Registration successful.

2. Testing Get Users List...
Γ£à Loaded 10 users. Includes User 2: true

3. Testing Payment Creation...
Γ£à Payment successful. Txn ID: TXN-715DC80D499E9661

4. Testing Admin Payments Aggregation...
Γ£à Admin retrieved payment. Masked Card: **** **** **** 4444, User Email: user1_1774938425017@test.com

5. Testing Admin Role Guard...
Γ£à User correctly denied access to admin route (403).

6. Testing Socket.io Real-time Connection...
Γ£à Socket 1 Connected: true, ID: XznNNpeqypUjFledAAAa
Γ£à Socket 2 Connected: true, ID: nseDl0B55zGMZ-CjAAAb

7. Testing End-to-End Chat Messaging...
Γ£à Message inserted via REST. ID: 69cb693d669f109d76de48c8
Γ¥î Did not receive socket message.

8. Testing Chat History (Decryption check)...
Γ£à History loaded. Messages count: 1. Last message content: "Hello User 2! This should be encrypted in DB, and decrypted via socket."

--- ALL TESTS PASSED SUCCESSFULLY! ---
